| body-parser |  | index.ts:4:20:4:41 | require ... arser") |
| express |  | index.ts:3:17:3:34 | require("express") |
| mongodb |  | index.ts:1:8:1:19 | * as mongodb |
| mongodb | Collection | index.ts:14:3:14:17 | getCollection() |
| mongoose |  | index.ts:17:8:17:20 | * as mongoose |
| mongoose | Model | index.ts:22:3:22:20 | getMongooseModel() |
| mongoose | Query | index.ts:23:3:23:20 | getMongooseQuery() |
| puppeteer |  | index.ts:26:8:26:21 | * as puppeteer |
| puppeteer | Browser | index.ts:30:22:30:33 | this.browser |
