| test.cpp:4:17:4:22 | call to malloc | test.cpp:4:24:4:27 | size | test.cpp:10:9:10:11 | arr | test.cpp:4:24:4:27 | size |
| test.cpp:4:17:4:22 | call to malloc | test.cpp:4:24:4:27 | size | test.cpp:10:9:10:11 | arr | test.cpp:4:24:4:27 | size |
| test.cpp:4:17:4:22 | call to malloc | test.cpp:4:24:4:27 | size | test.cpp:10:9:10:11 | arr | test.cpp:5:25:5:28 | size |
| test.cpp:4:17:4:22 | call to malloc | test.cpp:4:24:4:27 | size | test.cpp:10:9:10:11 | arr | test.cpp:5:25:5:28 | size |
| test.cpp:4:17:4:22 | call to malloc | test.cpp:4:24:4:27 | size | test.cpp:10:9:10:11 | arr | test.cpp:9:26:9:29 | size |
| test.cpp:4:17:4:22 | call to malloc | test.cpp:5:25:5:28 | size | test.cpp:10:9:10:11 | arr | test.cpp:5:25:5:28 | size |
| test.cpp:4:17:4:22 | call to malloc | test.cpp:5:25:5:28 | size | test.cpp:10:9:10:11 | arr | test.cpp:5:25:5:28 | size |
| test.cpp:4:17:4:22 | call to malloc | test.cpp:5:25:5:28 | size | test.cpp:10:9:10:11 | arr | test.cpp:9:26:9:29 | size |
| test.cpp:4:17:4:22 | call to malloc | test.cpp:9:26:9:29 | size | test.cpp:10:9:10:11 | arr | test.cpp:9:26:9:29 | size |
| test.cpp:4:17:4:22 | call to malloc | test.cpp:9:26:9:29 | size | test.cpp:10:9:10:11 | arr | test.cpp:9:26:9:29 | size |
| test.cpp:56:13:56:18 | call to malloc | test.cpp:55:16:55:19 | size | test.cpp:63:13:63:13 | p | test.cpp:55:5:55:19 | Store |
| test.cpp:56:13:56:18 | call to malloc | test.cpp:55:16:55:19 | size | test.cpp:63:13:63:13 | p | test.cpp:55:16:55:19 | size |
| test.cpp:56:13:56:18 | call to malloc | test.cpp:55:16:55:19 | size | test.cpp:63:13:63:13 | p | test.cpp:55:16:55:19 | size |
| test.cpp:56:13:56:18 | call to malloc | test.cpp:55:16:55:19 | size | test.cpp:63:13:63:13 | p | test.cpp:56:20:56:23 | size |
| test.cpp:56:13:56:18 | call to malloc | test.cpp:56:20:56:23 | size | test.cpp:63:13:63:13 | p | test.cpp:56:20:56:23 | size |
| test.cpp:56:13:56:18 | call to malloc | test.cpp:56:20:56:23 | size | test.cpp:63:13:63:13 | p | test.cpp:56:20:56:23 | size |
| test.cpp:56:13:56:18 | call to malloc | test.cpp:58:29:58:32 | size | test.cpp:63:13:63:13 | p | test.cpp:58:29:58:32 | size |
| test.cpp:56:13:56:18 | call to malloc | test.cpp:58:29:58:32 | size | test.cpp:63:13:63:13 | p | test.cpp:58:29:58:32 | size |
| test.cpp:56:13:56:18 | call to malloc | test.cpp:62:30:62:33 | size | test.cpp:63:13:63:13 | p | test.cpp:62:30:62:33 | size |
| test.cpp:56:13:56:18 | call to malloc | test.cpp:62:30:62:33 | size | test.cpp:63:13:63:13 | p | test.cpp:62:30:62:33 | size |
| test.cpp:70:14:70:19 | call to malloc | test.cpp:69:17:69:20 | size | test.cpp:83:14:83:14 | p | test.cpp:82:31:82:34 | size |
| test.cpp:70:14:70:19 | call to malloc | test.cpp:69:17:69:20 | size | test.cpp:93:14:93:14 | p | test.cpp:88:30:88:33 | size |
| test.cpp:70:14:70:19 | call to malloc | test.cpp:69:17:69:20 | size | test.cpp:93:14:93:14 | p | test.cpp:92:31:92:34 | size |
