edges
| file://:0:0:0:0 | value :  | file://:0:0:0:0 | [post] self [data] :  |
| testCoreData.swift:18:19:18:26 | value :  | testCoreData.swift:19:12:19:12 | value |
| testCoreData.swift:31:3:31:3 | newValue :  | testCoreData.swift:32:13:32:13 | newValue |
| testCoreData.swift:61:25:61:25 | password :  | testCoreData.swift:18:19:18:26 | value :  |
| testCoreData.swift:64:16:64:16 | password :  | testCoreData.swift:31:3:31:3 | newValue :  |
| testCoreData.swift:77:24:77:24 | x :  | testCoreData.swift:78:15:78:15 | x |
| testCoreData.swift:80:10:80:22 | call to getPassword() :  | testCoreData.swift:81:15:81:15 | y |
| testCoreData.swift:91:10:91:10 | passwd :  | testCoreData.swift:95:15:95:15 | x |
| testCoreData.swift:92:10:92:10 | passwd :  | testCoreData.swift:96:15:96:15 | y |
| testCoreData.swift:93:10:93:10 | passwd :  | testCoreData.swift:97:15:97:15 | z |
| testRealm.swift:16:6:16:6 | value :  | file://:0:0:0:0 | value :  |
| testRealm.swift:34:2:34:2 | [post] a [data] :  | testRealm.swift:35:12:35:12 | a |
| testRealm.swift:34:11:34:11 | myPassword :  | testRealm.swift:16:6:16:6 | value :  |
| testRealm.swift:34:11:34:11 | myPassword :  | testRealm.swift:34:2:34:2 | [post] a [data] :  |
| testRealm.swift:42:2:42:2 | [post] c [data] :  | testRealm.swift:43:47:43:47 | c |
| testRealm.swift:42:11:42:11 | myPassword :  | testRealm.swift:16:6:16:6 | value :  |
| testRealm.swift:42:11:42:11 | myPassword :  | testRealm.swift:42:2:42:2 | [post] c [data] :  |
nodes
| file://:0:0:0:0 | [post] self [data] :  | semmle.label | [post] self [data] :  |
| file://:0:0:0:0 | value :  | semmle.label | value :  |
| testCoreData.swift:18:19:18:26 | value :  | semmle.label | value :  |
| testCoreData.swift:19:12:19:12 | value | semmle.label | value |
| testCoreData.swift:31:3:31:3 | newValue :  | semmle.label | newValue :  |
| testCoreData.swift:32:13:32:13 | newValue | semmle.label | newValue |
| testCoreData.swift:48:15:48:15 | password | semmle.label | password |
| testCoreData.swift:51:24:51:24 | password | semmle.label | password |
| testCoreData.swift:58:15:58:15 | password | semmle.label | password |
| testCoreData.swift:61:25:61:25 | password :  | semmle.label | password :  |
| testCoreData.swift:64:16:64:16 | password :  | semmle.label | password :  |
| testCoreData.swift:77:24:77:24 | x :  | semmle.label | x :  |
| testCoreData.swift:78:15:78:15 | x | semmle.label | x |
| testCoreData.swift:80:10:80:22 | call to getPassword() :  | semmle.label | call to getPassword() :  |
| testCoreData.swift:81:15:81:15 | y | semmle.label | y |
| testCoreData.swift:85:15:85:17 | .password | semmle.label | .password |
| testCoreData.swift:91:10:91:10 | passwd :  | semmle.label | passwd :  |
| testCoreData.swift:92:10:92:10 | passwd :  | semmle.label | passwd :  |
| testCoreData.swift:93:10:93:10 | passwd :  | semmle.label | passwd :  |
| testCoreData.swift:95:15:95:15 | x | semmle.label | x |
| testCoreData.swift:96:15:96:15 | y | semmle.label | y |
| testCoreData.swift:97:15:97:15 | z | semmle.label | z |
| testRealm.swift:16:6:16:6 | value :  | semmle.label | value :  |
| testRealm.swift:34:2:34:2 | [post] a [data] :  | semmle.label | [post] a [data] :  |
| testRealm.swift:34:11:34:11 | myPassword :  | semmle.label | myPassword :  |
| testRealm.swift:35:12:35:12 | a | semmle.label | a |
| testRealm.swift:42:2:42:2 | [post] c [data] :  | semmle.label | [post] c [data] :  |
| testRealm.swift:42:11:42:11 | myPassword :  | semmle.label | myPassword :  |
| testRealm.swift:43:47:43:47 | c | semmle.label | c |
subpaths
| testRealm.swift:34:11:34:11 | myPassword :  | testRealm.swift:16:6:16:6 | value :  | file://:0:0:0:0 | [post] self [data] :  | testRealm.swift:34:2:34:2 | [post] a [data] :  |
| testRealm.swift:42:11:42:11 | myPassword :  | testRealm.swift:16:6:16:6 | value :  | file://:0:0:0:0 | [post] self [data] :  | testRealm.swift:42:2:42:2 | [post] c [data] :  |
#select
| testCoreData.swift:19:12:19:12 | value | testCoreData.swift:61:25:61:25 | password :  | testCoreData.swift:19:12:19:12 | value | This operation stores 'value' in a database. It may contain unencrypted sensitive data from $@ | testCoreData.swift:61:25:61:25 | password :  | password |
| testCoreData.swift:32:13:32:13 | newValue | testCoreData.swift:64:16:64:16 | password :  | testCoreData.swift:32:13:32:13 | newValue | This operation stores 'newValue' in a database. It may contain unencrypted sensitive data from $@ | testCoreData.swift:64:16:64:16 | password :  | password |
| testCoreData.swift:48:15:48:15 | password | testCoreData.swift:48:15:48:15 | password | testCoreData.swift:48:15:48:15 | password | This operation stores 'password' in a database. It may contain unencrypted sensitive data from $@ | testCoreData.swift:48:15:48:15 | password | password |
| testCoreData.swift:51:24:51:24 | password | testCoreData.swift:51:24:51:24 | password | testCoreData.swift:51:24:51:24 | password | This operation stores 'password' in a database. It may contain unencrypted sensitive data from $@ | testCoreData.swift:51:24:51:24 | password | password |
| testCoreData.swift:58:15:58:15 | password | testCoreData.swift:58:15:58:15 | password | testCoreData.swift:58:15:58:15 | password | This operation stores 'password' in a database. It may contain unencrypted sensitive data from $@ | testCoreData.swift:58:15:58:15 | password | password |
| testCoreData.swift:78:15:78:15 | x | testCoreData.swift:77:24:77:24 | x :  | testCoreData.swift:78:15:78:15 | x | This operation stores 'x' in a database. It may contain unencrypted sensitive data from $@ | testCoreData.swift:77:24:77:24 | x :  | x |
| testCoreData.swift:81:15:81:15 | y | testCoreData.swift:80:10:80:22 | call to getPassword() :  | testCoreData.swift:81:15:81:15 | y | This operation stores 'y' in a database. It may contain unencrypted sensitive data from $@ | testCoreData.swift:80:10:80:22 | call to getPassword() :  | call to getPassword() |
| testCoreData.swift:85:15:85:17 | .password | testCoreData.swift:85:15:85:17 | .password | testCoreData.swift:85:15:85:17 | .password | This operation stores '.password' in a database. It may contain unencrypted sensitive data from $@ | testCoreData.swift:85:15:85:17 | .password | .password |
| testCoreData.swift:95:15:95:15 | x | testCoreData.swift:91:10:91:10 | passwd :  | testCoreData.swift:95:15:95:15 | x | This operation stores 'x' in a database. It may contain unencrypted sensitive data from $@ | testCoreData.swift:91:10:91:10 | passwd :  | passwd |
| testCoreData.swift:96:15:96:15 | y | testCoreData.swift:92:10:92:10 | passwd :  | testCoreData.swift:96:15:96:15 | y | This operation stores 'y' in a database. It may contain unencrypted sensitive data from $@ | testCoreData.swift:92:10:92:10 | passwd :  | passwd |
| testCoreData.swift:97:15:97:15 | z | testCoreData.swift:93:10:93:10 | passwd :  | testCoreData.swift:97:15:97:15 | z | This operation stores 'z' in a database. It may contain unencrypted sensitive data from $@ | testCoreData.swift:93:10:93:10 | passwd :  | passwd |
| testRealm.swift:35:12:35:12 | a | testRealm.swift:34:11:34:11 | myPassword :  | testRealm.swift:35:12:35:12 | a | This operation stores 'a' in a database. It may contain unencrypted sensitive data from $@ | testRealm.swift:34:11:34:11 | myPassword :  | myPassword |
| testRealm.swift:43:47:43:47 | c | testRealm.swift:42:11:42:11 | myPassword :  | testRealm.swift:43:47:43:47 | c | This operation stores 'c' in a database. It may contain unencrypted sensitive data from $@ | testRealm.swift:42:11:42:11 | myPassword :  | myPassword |
